[_6,_7,_8,_6,_7,_8|_5]
[_10,_11,_12,_10,_11,_12|_14]
