[[_3|...]|...]
+ ... - + ...
... - ... - + ...
(- ...) * - ...
[]*[]*[]
_6=:= -_7-1
