[[1,3],[2,4]]
[[_6,3],[2,_6]]
[[_172,_176],[_193,_197]]
[[_172,_193],[_176,_197]]
