[[4.0000000074506,0.0],[2.9999999925494,0.0],[1.9999999925494,0.0],[1.0000000074506,0.0]]
[[3.0,2.0],[5.0,0.99999999999999],[-5.773159728050814e-15,1.0],[1.0,1.0]]
