   Warning: Initialization goal exception: error(type_error(callable,((fail,1),_3=[])),call/1).
