hello
error(resource_error(memory),length_rundown/2)
